[
  { "start": 18446744072451260416, "name": "startup_64", "module": "kernel" },
  { "start": 18446744072451260416, "name": "_stext", "module": "kernel" },
  { "start": 18446744072451260416, "name": "_text", "module": "kernel" },
  { "start": 18446744072451260528, "name": "secondary_startup_64", "module": "kernel" },
  { "start": 18446744072451260533, "name": "secondary_startup_64_no_verify", "module": "kernel" },
  { "start": 18446744072451260736, "name": "verify_cpu", "module": "kernel" },
  { "start": 18446744072451260992, "name": "sev_verify_cbit", "module": "kernel" },
  { "start": 18446744072451261088, "name": "start_cpu0", "module": "kernel" },
  { "start": 18446744072451261100, "name": "vc_boot_ghcb", "module": "kernel" },
  { "start": 18446744072451261216, "name": "__startup_64", "module": "kernel" },
  { "start": 18446744072451273488, "name": "perf_trace_initcall_finish", "module": "kernel" },
  { "start": 18446744072639345104, "name": "autofs_dev_ioctl", "module": "autofs4" },
  { "start": 18446744072639345136, "name": "autofs_dev_ioctl_compat", "module": "autofs4" },
  { "start": 18446744072639345168, "name": "find_autofs_mount.isra.0", "module": "autofs4" },
  { "start": 18446744072639345376, "name": "autofs_dev_ioctl_ismountpoint", "module": "autofs4" },
  { "start": 18446744072639345776, "name": "autofs_dev_ioctl_requester", "module": "autofs4" },
  { "start": 18446744072639346048, "name": "autofs_dev_ioctl_openmount", "module": "autofs4" },
  { "start": 18446744072639346347, "name": "cleanup_module", "module": "autofs4" },
  { "start": 18446744072639328976, "name": "autofs_free_ino", "module": "autofs4" },
  { "start": 18446744072639328928, "name": "autofs_clean_ino", "module": "autofs4" },
  { "start": 18446744072639329024, "name": "autofs_kill_sb", "module": "autofs4" },
  { "start": 18446744072639342288, "name": "autofs_expire_wait", "module": "autofs4" },
  { "start": 18446744072639337200, "name": "autofs_wait_release", "module": "autofs4" },
  { "start": 18446744072639342992, "name": "autofs_do_expire_multi", "module": "autofs4" },
  { "start": 18446744072639336672, "name": "is_autofs_dentry", "module": "autofs4" },
  { "start": 18446744072639336944, "name": "autofs_catatonic_mode", "module": "autofs4" },
  { "start": 18446744072639328832, "name": "autofs_new_ino", "module": "autofs4" },
  { "start": 18446744072639338160, "name": "autofs_wait", "module": "autofs4" },
  { "start": 18446744072639329152, "name": "autofs_get_inode", "module": "autofs4" },
  { "start": 18446744072639329392, "name": "autofs_fill_super", "module": "autofs4" },
  { "start": 18446744072639343456, "name": "autofs_expire_multi", "module": "autofs4" },
  { "start": 18446744072639342624, "name": "autofs_expire_run", "module": "autofs4" },
  { "start": 18446744072639346320, "name": "autofs_dev_ioctl_exit", "module": "autofs4" },
  { "start": 18446744072639475276, "name": "bpf_prog_6deef7357e7b4530", "module": "bpf" }
]
